ok   15 ../samples/test_date_fr
ok   15 ../samples/test_date_us
ok   15 ../samples/test_date_es
ok   15 ../samples/test_date_pt
