KO test non effectué depuis les dernières modifications
